// Jest Snapshot v1, https://goo.gl/fbAQLP

exports[`should render expense list with expense 1`] = `
<div>
  <Link
    to="/edit/1"
  >
    <h4>
      Description: 
      Gum
    </h4>
  </Link>
  <p>
    Amount: 
    $2.00
  </p>
  <p>
    Created At: 
    December 31st 1969
  </p>
</div>
`;
