// Jest Snapshot v1, https://goo.gl/fbAQLP

exports[`should render expense list with expense 1`] = `
<div>
  <h1>
    Expense List
  </h1>
  <ExpenseListItem
    amount={195}
    createdAt={0}
    description="Gum"
    id="1"
    key="1"
    note=""
  />
  <ExpenseListItem
    amount={19500}
    createdAt={-259200000}
    description="Rent"
    id="2"
    key="2"
    note=""
  />
  <ExpenseListItem
    amount={450}
    createdAt={259200000}
    description="Credit Card"
    id="3"
    key="3"
    note=""
  />
</div>
`;
